// Jest Snapshot v1, https://goo.gl/fbAQLP

exports[`Dashboard Nav Component Rendering Tests renders to UI as expected 1`] = `
<nav
  className="dashboard__menu"
  role="navigation"
>
  <ul>
    <li>
      <a
        aria-current={null}
        href="/dashboard/add-points"
        onClick={[Function]}
      >
        Add & Redeem Points
      </a>
    </li>
    <li>
      <a
        aria-current={null}
        href="/dashboard/add-member"
        onClick={[Function]}
      >
        Add Member
      </a>
    </li>
    <li>
      <a
        aria-current={null}
        href="/dashboard/members"
        onClick={[Function]}
      >
        See All Members
      </a>
    </li>
    <li>
      <a
        aria-current={null}
        href="/dashboard/delete-member"
        onClick={[Function]}
      >
        Delete Member
      </a>
    </li>
    <li>
      <a
        aria-current="page"
        className="active"
        href="/"
        onClick={[Function]}
        style={Object {}}
      >
        Logout
      </a>
    </li>
  </ul>
</nav>
`;

exports[`Dashboard Nav Component Rendering Tests renders to UI as expected with PROPS 1`] = `
<nav
  className="dashboard__menu"
  role="navigation"
>
  <ul>
    <li>
      <a
        aria-current={null}
        href="/dashboard/add-points"
        onClick={[Function]}
      >
        Add & Redeem Points
      </a>
    </li>
    <li>
      <a
        aria-current={null}
        href="/dashboard/add-member"
        onClick={[Function]}
      >
        Add Member
      </a>
    </li>
    <li>
      <a
        aria-current={null}
        href="/dashboard/members"
        onClick={[Function]}
      >
        See All Members
      </a>
    </li>
    <li>
      <a
        aria-current={null}
        href="/dashboard/delete-member"
        onClick={[Function]}
      >
        Delete Member
      </a>
    </li>
    <li>
      <a
        aria-current="page"
        className="active"
        href="/"
        onClick={[Function]}
        style={Object {}}
      >
        Logout
      </a>
    </li>
  </ul>
</nav>
`;

exports[`Member List Item Component Rendering Tests renders to UI as expected 1`] = `
<nav
  className="dashboard__menu"
  role="navigation"
>
  <ul>
    <li>
      <a
        aria-current={null}
        href="/dashboard/add-points"
        onClick={[Function]}
      >
        Add & Redeem Points
      </a>
    </li>
    <li>
      <a
        aria-current={null}
        href="/dashboard/add-member"
        onClick={[Function]}
      >
        Add Member
      </a>
    </li>
    <li>
      <a
        aria-current={null}
        href="/dashboard/members"
        onClick={[Function]}
      >
        See All Members
      </a>
    </li>
    <li>
      <a
        aria-current={null}
        href="/dashboard/delete-member"
        onClick={[Function]}
      >
        Delete Member
      </a>
    </li>
    <li>
      <a
        aria-current="page"
        className="active"
        href="/"
        onClick={[Function]}
        style={Object {}}
      >
        Logout
      </a>
    </li>
  </ul>
</nav>
`;

exports[`Member List Item Component Rendering Tests renders to UI as expected with PROPS 1`] = `
<nav
  className="dashboard__menu"
  role="navigation"
>
  <ul>
    <li>
      <a
        aria-current={null}
        href="/dashboard/add-points"
        onClick={[Function]}
      >
        Add & Redeem Points
      </a>
    </li>
    <li>
      <a
        aria-current={null}
        href="/dashboard/add-member"
        onClick={[Function]}
      >
        Add Member
      </a>
    </li>
    <li>
      <a
        aria-current={null}
        href="/dashboard/members"
        onClick={[Function]}
      >
        See All Members
      </a>
    </li>
    <li>
      <a
        aria-current={null}
        href="/dashboard/delete-member"
        onClick={[Function]}
      >
        Delete Member
      </a>
    </li>
    <li>
      <a
        aria-current="page"
        className="active"
        href="/"
        onClick={[Function]}
        style={Object {}}
      >
        Logout
      </a>
    </li>
  </ul>
</nav>
`;
